// Jest Snapshot v1, https://goo.gl/fbAQLP

exports[`example statement 1`] = `
"Statement for BigCo
 Hamlet: $650.00 (55 seats)
 Hamlet: $400.00 (25 seats)
 As You Like It: $580.00 (35 seats)
 As You Like It: $345.00 (15 seats)
 Othello: $500.00 (40 seats)
Amount owed is $2,475.00
You earned 50 credits
"
`;
